// Jest Snapshot v1, https://goo.gl/fbAQLP

exports[` 1`] = `
<DocumentFragment>
  <div
    class="MuiStack-root css-6rg9iv-MuiStack-root"
  >
    <div
      class="MuiStack-root css-5545du-MuiStack-root"
    >
      <h5
        class="MuiTypography-root MuiTypography-h5 css-1aso48g-MuiTypography-root"
      >
        Frequently asked questions
      </h5>
      <h6
        class="MuiTypography-root MuiTypography-subtitle2 css-1ypmsg6-MuiTypography-root"
      >
        Answers to common questions you may have.
      </h6>
      <div
        class="MuiBox-root css-56sg73"
      />
    </div>
    <div
      class="MuiBox-root css-eaag1a"
    />
  </div>
</DocumentFragment>
`;
