// Jest Snapshot v1, https://goo.gl/fbAQLP

exports[`Breadcrumbs tests Breadcrubms snapshot test renders correctly and matches snapshot 1`] = `
<DocumentFragment>
  <nav
    aria-label="breadcrumb"
    class="MuiTypography-root MuiTypography-body1 MuiBreadcrumbs-root no-print css-5cvx94-MuiTypography-root-MuiBreadcrumbs-root"
  >
    <ol
      class="MuiBreadcrumbs-ol css-1uwp4ue-MuiBreadcrumbs-ol"
    >
      <li
        class="MuiBreadcrumbs-li"
      >
        <span
          class="MuiBox-root css-17jq7r"
          role="link"
          tabindex="0"
        >
          <div
            class="MuiStack-root css-niqf4j-MuiStack-root"
          >
            <svg
              aria-hidden="true"
              class="MuiSvgIcon-root MuiSvgIcon-fontSizeSmall css-120dh41-MuiSvgIcon-root"
              data-testid="HomeRoundedIcon"
              focusable="false"
              viewBox="0 0 24 24"
            >
              <path
                d="M10 19v-5h4v5c0 .55.45 1 1 1h3c.55 0 1-.45 1-1v-7h1.7c.46 0 .68-.57.33-.87L12.67 3.6c-.38-.34-.96-.34-1.34 0l-8.36 7.53c-.34.3-.13.87.33.87H5v7c0 .55.45 1 1 1h3c.55 0 1-.45 1-1"
              />
            </svg>
            <span
              class="MuiTypography-root MuiTypography-caption css-mpaqru-MuiTypography-root"
            >
              Home
            </span>
          </div>
        </span>
      </li>
    </ol>
  </nav>
</DocumentFragment>
`;
