// Jest Snapshot v1, https://goo.gl/fbAQLP

exports[`Footer component renders correctly and matches snapshot 1`] = `
<DocumentFragment>
  <div
    class="MuiStack-root no-print css-anfiki-MuiStack-root"
  >
    <p
      class="MuiTypography-root MuiTypography-body1 css-rizt0-MuiTypography-root"
    >
       Earmuffjam LLC. All rights reserved. @2024
    </p>
  </div>
</DocumentFragment>
`;
