// Jest Snapshot v1, https://goo.gl/fbAQLP

exports[`InvoiceTrends renders correctly and matches snapshot 1`] = `
<DocumentFragment>
  <div
    class="MuiStack-root css-nen11g-MuiStack-root"
    data-tour="dashboard-5"
  >
    <div
      class="MuiStack-root css-gmwslw-MuiStack-root"
    >
      <div
        data-testid="row-header"
      >
        Trends - Overview
      </div>
      <div
        class="MuiBox-root css-0"
      >
        <div
          aria-label="bar or line chart"
          class="MuiToggleButtonGroup-root MuiToggleButtonGroup-horizontal css-1qb8o-MuiToggleButtonGroup-root"
          role="group"
        >
          <button
            aria-label="bar chart"
            aria-pressed="true"
            class="MuiButtonBase-root MuiToggleButtonGroup-grouped MuiToggleButtonGroup-groupedHorizontal MuiToggleButton-root Mui-selected MuiToggleButton-sizeSmall MuiToggleButton-standard MuiToggleButtonGroup-grouped MuiToggleButtonGroup-groupedHorizontal MuiToggleButtonGroup-firstButton css-qofxz1-MuiButtonBase-root-MuiToggleButton-root"
            tabindex="0"
            type="button"
            value="bar"
          >
            <svg
              aria-hidden="true"
              class="MuiSvgIcon-root MuiSvgIcon-fontSizeMedium css-1umw9bq-MuiSvgIcon-root"
              data-testid="BarChartRoundedIcon"
              focusable="false"
              viewBox="0 0 24 24"
            >
              <path
                d="M6 20c1.1 0 2-.9 2-2v-7c0-1.1-.9-2-2-2s-2 .9-2 2v7c0 1.1.9 2 2 2m10-5v3c0 1.1.9 2 2 2s2-.9 2-2v-3c0-1.1-.9-2-2-2s-2 .9-2 2m-4 5c1.1 0 2-.9 2-2V6c0-1.1-.9-2-2-2s-2 .9-2 2v12c0 1.1.9 2 2 2"
              />
            </svg>
          </button>
          <button
            aria-label="line chart"
            aria-pressed="false"
            class="MuiButtonBase-root MuiToggleButtonGroup-grouped MuiToggleButtonGroup-groupedHorizontal MuiToggleButton-root MuiToggleButton-sizeSmall MuiToggleButton-standard MuiToggleButtonGroup-grouped MuiToggleButtonGroup-groupedHorizontal MuiToggleButtonGroup-lastButton css-qofxz1-MuiButtonBase-root-MuiToggleButton-root"
            tabindex="0"
            type="button"
            value="line"
          >
            <svg
              aria-hidden="true"
              class="MuiSvgIcon-root MuiSvgIcon-fontSizeMedium css-1umw9bq-MuiSvgIcon-root"
              data-testid="StackedLineChartRoundedIcon"
              focusable="false"
              viewBox="0 0 24 24"
            >
              <path
                d="m2.79 14.78-.09-.09a.996.996 0 0 1 0-1.41l6.09-6.1c.39-.39 1.02-.39 1.41 0l3.29 3.29 6.39-7.18c.38-.43 1.05-.44 1.45-.04.37.38.39.98.04 1.37l-7.17 8.07c-.38.43-1.04.45-1.45.04L9.5 9.48l-5.3 5.3c-.38.39-1.02.39-1.41 0m1.41 6 5.3-5.3 3.25 3.25c.41.41 1.07.39 1.45-.04l7.17-8.07c.35-.39.33-.99-.04-1.37-.4-.4-1.07-.39-1.45.04l-6.39 7.18-3.29-3.29a.996.996 0 0 0-1.41 0l-6.09 6.1c-.39.39-.39 1.02 0 1.41l.09.09c.39.39 1.03.39 1.41 0"
              />
            </svg>
          </button>
        </div>
      </div>
    </div>
    <div
      class="MuiBox-root css-0"
    >
      <div
        data-testid="empty-component"
      />
    </div>
  </div>
</DocumentFragment>
`;
