// Jest Snapshot v1, https://goo.gl/fbAQLP

exports[`ItemTypeFreqChart renders correctly and matches snapshot 1`] = `
<DocumentFragment>
  <div
    class="MuiStack-root css-nen11g-MuiStack-root"
    data-tour="dashboard-6"
  >
    <div
      data-testid="row-header"
    >
      Item Types - Frequency overview
    </div>
    <div
      data-testid="empty-component"
    />
  </div>
</DocumentFragment>
`;
