// Jest Snapshot v1, https://goo.gl/fbAQLP

exports[`DndGridLayout renders empty state when no widgets exist 1`] = `
<DocumentFragment>
  <div
    class="MuiStack-root css-5andtu-MuiStack-root"
  >
    <h5
      class="MuiTypography-root MuiTypography-h5 css-16xl4zq-MuiTypography-root"
    >
      Sorry, no matching records found
    </h5>
    <span
      class="MuiTypography-root MuiTypography-caption css-mpaqru-MuiTypography-root"
    >
      Add widgets for custom dashboard layout.
    </span>
  </div>
</DocumentFragment>
`;

exports[`DndGridLayout renders widget layout when widgets exist 1`] = `
<DocumentFragment>
  <div
    class="MuiStack-root css-1s5gmop-MuiStack-root"
  >
    <div
      class="MuiBox-root css-0"
    >
      <div
        class="MuiBox-root css-0"
      >
        <span
          class="MuiBadge-root css-63ezxx-MuiBadge-root"
        >
          <div
            class="MuiPaper-root MuiPaper-elevation MuiPaper-rounded MuiPaper-elevation1 MuiBox-root css-1ka4bzq-MuiPaper-root"
            style="--Paper-shadow: 0px 2px 1px -1px rgba(0,0,0,0.2),0px 1px 1px 0px rgba(0,0,0,0.14),0px 1px 3px 0px rgba(0,0,0,0.12);"
          >
            <div
              class="MuiStack-root css-niqf4j-MuiStack-root"
            />
          </div>
          <span
            class="MuiBadge-badge MuiBadge-standard MuiBadge-anchorOriginTopRight MuiBadge-anchorOriginTopRightRectangular MuiBadge-overlapRectangular css-2ao5rv-MuiBadge-badge"
          />
        </span>
      </div>
    </div>
  </div>
  <div
    id="DndDescribedBy-0"
    style="display: none;"
  >
    
    To pick up a draggable item, press the space bar.
    While dragging, use the arrow keys to move the item.
    Press space again to drop the item in its new position, or press escape to cancel.
  
  </div>
  <div
    aria-atomic="true"
    aria-live="assertive"
    id="DndLiveRegion-0"
    role="status"
    style="position: fixed; top: 0px; left: 0px; width: 1px; height: 1px; margin: -1px; border: 0px; padding: 0px; overflow: hidden; clip-path: inset(100%); white-space: nowrap;"
  />
</DocumentFragment>
`;
