// Jest Snapshot v1, https://goo.gl/fbAQLP

exports[`AddWidget Component AddWidget Component snapshot tests Footer matches snapshot 1`] = `
<DocumentFragment>
  <div
    class="MuiStack-root css-1aczxsw-MuiStack-root"
  >
    <p
      class="MuiTypography-root MuiTypography-body1 css-rizt0-MuiTypography-root"
    >
       Add Widget
    </p>
    <hr
      class="MuiDivider-root MuiDivider-fullWidth css-1jpc804-MuiDivider-root"
    />
    <ul
      class="MuiList-root MuiList-padding MuiList-dense css-b7dj7n-MuiList-root"
      role="menu"
      tabindex="-1"
    >
      <li
        class="MuiButtonBase-root MuiMenuItem-root MuiMenuItem-gutters MuiMenuItem-root MuiMenuItem-gutters css-1ugarj1-MuiButtonBase-root-MuiMenuItem-root"
        role="menuitem"
        tabindex="0"
      >
        <div
          class="MuiListItemIcon-root css-cokf1l-MuiListItemIcon-root"
        >
          <svg
            aria-hidden="true"
            class="MuiSvgIcon-root MuiSvgIcon-fontSizeMedium css-1umw9bq-MuiSvgIcon-root"
            data-testid="AddRoundedIcon"
            focusable="false"
            viewBox="0 0 24 24"
          >
            <path
              d="M18 13h-5v5c0 .55-.45 1-1 1s-1-.45-1-1v-5H6c-.55 0-1-.45-1-1s.45-1 1-1h5V6c0-.55.45-1 1-1s1 .45 1 1v5h5c.55 0 1 .45 1 1s-.45 1-1 1"
            />
          </svg>
        </div>
        <div
          class="MuiListItemText-root MuiListItemText-dense css-cfq8qh-MuiListItemText-root"
        >
          <span
            class="MuiTypography-root MuiTypography-body2 MuiListItemText-primary css-7ctihp-MuiTypography-root"
          >
            Chart
          </span>
        </div>
      </li>
      <li
        class="MuiButtonBase-root MuiMenuItem-root MuiMenuItem-gutters MuiMenuItem-root MuiMenuItem-gutters css-1ugarj1-MuiButtonBase-root-MuiMenuItem-root"
        role="menuitem"
        tabindex="-1"
      >
        <div
          class="MuiListItemIcon-root css-cokf1l-MuiListItemIcon-root"
        >
          <svg
            aria-hidden="true"
            class="MuiSvgIcon-root MuiSvgIcon-fontSizeMedium css-1umw9bq-MuiSvgIcon-root"
            data-testid="AddRoundedIcon"
            focusable="false"
            viewBox="0 0 24 24"
          >
            <path
              d="M18 13h-5v5c0 .55-.45 1-1 1s-1-.45-1-1v-5H6c-.55 0-1-.45-1-1s.45-1 1-1h5V6c0-.55.45-1 1-1s1 .45 1 1v5h5c.55 0 1 .45 1 1s-.45 1-1 1"
            />
          </svg>
        </div>
        <div
          class="MuiListItemText-root MuiListItemText-dense css-cfq8qh-MuiListItemText-root"
        >
          <span
            class="MuiTypography-root MuiTypography-body2 MuiListItemText-primary css-7ctihp-MuiTypography-root"
          >
            Summary
          </span>
        </div>
      </li>
    </ul>
  </div>
</DocumentFragment>
`;
